// Jest Snapshot v1, https://goo.gl/fbAQLP

exports[`Header Test renders correctly 1`] = `
Array [
  <header
    id="Header"
  >
    <div
      className="header-logo-and-name"
    >
      <img
        alt="planet logo"
        className="header-logo"
        src="planet.png"
      />
      <h1>
        Space Travelers' Hub
      </h1>
    </div>
    <nav>
      <a
        aria-current="page"
        className="active"
        href="/"
        onClick={[Function]}
        style={
          Object {
            "fontWeight": "bold",
            "textDecoration": "underline",
          }
        }
      >
        Rockets
      </a>
      <a
        className=""
        href="/Missions"
        onClick={[Function]}
        style={
          Object {
            "fontWeight": "normal",
            "textDecoration": "none",
          }
        }
      >
        Missions
      </a>
      <a
        className="profile"
        href="/MyProfile"
        onClick={[Function]}
        style={
          Object {
            "fontWeight": "normal",
            "textDecoration": "none",
          }
        }
      >
        My Profile
      </a>
    </nav>
  </header>,
  <table>
    <thead>
      <tr>
        <td>
          Name
        </td>
        <td>
          Description
        </td>
        <td>
          Status
        </td>
        <td />
      </tr>
    </thead>
    <tbody />
  </table>,
]
`;

exports[`Mission Test renders correctly 1`] = `
Array [
  <header
    id="Header"
  >
    <div
      className="header-logo-and-name"
    >
      <img
        alt="planet logo"
        className="header-logo"
        src="planet.png"
      />
      <h1>
        Space Travelers' Hub
      </h1>
    </div>
    <nav>
      <a
        aria-current="page"
        className="active"
        href="/"
        onClick={[Function]}
        style={
          Object {
            "fontWeight": "bold",
            "textDecoration": "underline",
          }
        }
      >
        Rockets
      </a>
      <a
        className=""
        href="/Missions"
        onClick={[Function]}
        style={
          Object {
            "fontWeight": "normal",
            "textDecoration": "none",
          }
        }
      >
        Missions
      </a>
      <a
        className="profile"
        href="/MyProfile"
        onClick={[Function]}
        style={
          Object {
            "fontWeight": "normal",
            "textDecoration": "none",
          }
        }
      >
        My Profile
      </a>
    </nav>
  </header>,
  <table>
    <thead>
      <tr>
        <td>
          Name
        </td>
        <td>
          Description
        </td>
        <td>
          Status
        </td>
        <td />
      </tr>
    </thead>
    <tbody />
  </table>,
]
`;

exports[`Missions Test renders correctly 1`] = `
Array [
  <header
    id="Header"
  >
    <div
      className="header-logo-and-name"
    >
      <img
        alt="planet logo"
        className="header-logo"
        src="planet.png"
      />
      <h1>
        Space Travelers' Hub
      </h1>
    </div>
    <nav>
      <a
        aria-current="page"
        className="active"
        href="/"
        onClick={[Function]}
        style={
          Object {
            "fontWeight": "bold",
            "textDecoration": "underline",
          }
        }
      >
        Rockets
      </a>
      <a
        className=""
        href="/Missions"
        onClick={[Function]}
        style={
          Object {
            "fontWeight": "normal",
            "textDecoration": "none",
          }
        }
      >
        Missions
      </a>
      <a
        className="profile"
        href="/MyProfile"
        onClick={[Function]}
        style={
          Object {
            "fontWeight": "normal",
            "textDecoration": "none",
          }
        }
      >
        My Profile
      </a>
    </nav>
  </header>,
  <table>
    <thead>
      <tr>
        <td>
          Name
        </td>
        <td>
          Description
        </td>
        <td>
          Status
        </td>
        <td />
      </tr>
    </thead>
    <tbody />
  </table>,
]
`;
